%!Adobe-FontList 1.14
%Locale:0x409

%BeginFont
Handler:DirectoryHandler
FontType:Invalid
OutlineFileName:F:\Asad Projects\archee\HTML\Font\fontawesome-webfont.eot
FileModTime:1378304364
%EndFont

%BeginFont
Handler:DirectoryHandler
FontType:Invalid
OutlineFileName:F:\Asad Projects\archee\HTML\Font\fontawesome-webfont.svg
FileModTime:1378304366
%EndFont

%BeginFont
Handler:DirectoryHandler
FontType:TrueType
FontName:FontAwesome
FamilyName:FontAwesome
StyleName:Regular
FullName:FontAwesome Regular
MenuName:FontAwesome
StyleBits:0
WritingScript:Roman
OutlineFileName:F:\Asad Projects\archee\HTML\Font\fontawesome-webfont.ttf
DataFormat:sfntData
FileLength:79076
FileModTime:1378304363
WeightClass:400
WidthClass:5
AngleClass:0
%EndFont

%BeginFont
Handler:DirectoryHandler
FontType:Invalid
OutlineFileName:F:\Asad Projects\archee\HTML\Font\fontawesome-webfont.woff
FileModTime:1378304360
%EndFont

%BeginFont
Handler:DirectoryHandler
FontType:Type1
FontName:FontAwesome
FamilyName:FontAwesome
StyleName:Regular
FullName:FontAwesome
MenuName:FontAwesome
StyleBits:0
WritingScript:Roman
OutlineFileName:F:\Asad Projects\archee\HTML\Font\FontAwesome.otf
DataFormat:sfntData
UsesStandardEncoding:yes
isCFF:yes
FileLength:61896
FileModTime:1378304365
WeightClass:400
WidthClass:5
AngleClass:0
%EndFont

